// Jest Snapshot v1, https://goo.gl/fbAQLP

exports[`Transactions Page componemt Testing TargetList component Should render without errors 1`] = `
<div
  className="transactionsPage__targetListContainer__headingAndList"
  data-test="targetListComponent"
>
  <div
    className="transactionsPage__targetListContainer__headingAndList__headingContainer"
  >
    <h2>
      Targets
    </h2>
  </div>
  <div
    className="transactionsPage__targetListContainer__headingAndList__listContainer"
  >
    <div
      className="transactionsPage__targetListContainer__headingAndList__listContainer__listWrapper"
    >
      <div
        className="transactionsPage__targetListContainer__headingAndList__listContainer__listWrapper__listItem"
        id={1}
        key="1"
        onClick={[Function]}
        style={
          Object {
            "backgroundColor": "",
          }
        }
      >
        http://fb.com
      </div>
      <div
        className="transactionsPage__targetListContainer__headingAndList__listContainer__listWrapper__listItem"
        id={2}
        key="2"
        onClick={[Function]}
        style={
          Object {
            "backgroundColor": "",
          }
        }
      >
        https://fb.com
      </div>
    </div>
  </div>
</div>
`;

exports[`Transactions Page componemt Testing Transaction Header component Should render without errors 1`] = `
<div
  className="transactionsHeader"
  data-test="transactionHeaderComponent"
>
  <div
    className="transactionsHeader__requestResponseHeaderToggle"
  >
    <span
      id="1"
      key="1"
      onClick={[Function]}
      style={
        Object {
          "backgroundColor": "rgba(0, 0, 0, 0.178)",
        }
      }
    >
      Request
    </span>
    <span
      id="2"
      key="2"
      onClick={[Function]}
      style={
        Object {
          "backgroundColor": "transparent",
        }
      }
    >
      Response
    </span>
  </div>
  <div
    className="transactionsHeader__requestResponseHeaderContainer__request"
  >
    <div
      aria-hidden={false}
      aria-labelledby="request"
      className="transactionsHeader__requestResponseHeaderContainer__request__wrapper"
      id="panel-request"
      key="1"
      role="tabpanel"
      style={
        Object {
          "display": "block",
        }
      }
    >
      <p>
        Request Header
      </p>
      <pre>
        test request
      </pre>
      <button
        className="pull-right"
        onClick={[Function]}
      >
        Copy as
      </button>
    </div>
    <div
      aria-labelledby="response"
      className="transactionsHeader__requestResponseHeaderContainer__response"
      id="panel-response"
      key="2"
      role="tabpanel"
      style={
        Object {
          "display": "none",
        }
      }
    >
      <p>
        Response Header
      </p>
      <pre>
        test request
      </pre>
      <p>
        Response Body
      </p>
      <pre>
        test response body
      </pre>
    </div>
  </div>
</div>
`;

exports[`Transactions Page componemt Testing Transaction Table component Should render without errors 1`] = `
<div
  className="transactionsTableContainer"
  data-test="transactionTableComponent"
>
  <div
    className="transactionsTableContainer__tableWrapper"
  >
    <div
      className="transactionsTableContainer__tableWrapper__headerContainer"
    >
      <div
        className="transactionsTableContainer__tableWrapper__headerContainer__url"
      >
        <HiOutlineSearch />
        <input
          onChange={[Function]}
          placeholder="URL"
          type="text"
          value=""
        />
      </div>
      <div
        className="transactionsTableContainer__tableWrapper__headerContainer__method"
      >
        <HiOutlineSearch />
        <input
          onChange={[Function]}
          placeholder="Method"
          type="text"
          value=""
        />
      </div>
      <div
        className="transactionsTableContainer__tableWrapper__headerContainer__status"
      >
        <HiOutlineSearch />
        <input
          onChange={[Function]}
          placeholder="Status"
          type="text"
          value=""
        />
      </div>
      <span>
        Duration
      </span>
      <span>
        Time
      </span>
    </div>
    <div
      className="transactionsTableContainer__tableWrapper__bodyContainer"
    >
      <div
        className="transactionsTableContainer__tableWrapper__bodyContainer__rowContainer"
        key="1"
        onSelect={[Function]}
      >
        <span
          className="transactionsTableContainer__tableWrapper__bodyContainer__rowContainer__url"
        >
          http://fb.com/
        </span>
        <span
          className="transactionsTableContainer__tableWrapper__bodyContainer__rowContainer__method"
        >
          GET
        </span>
        <span
          className="transactionsTableContainer__tableWrapper__bodyContainer__rowContainer__status"
        >
          test status
        </span>
        <span
          className="transactionsTableContainer__tableWrapper__bodyContainer__rowContainer__duration"
        >
          0s, 273ms
        </span>
        <span
          className="transactionsTableContainer__tableWrapper__bodyContainer__rowContainer__time"
        >
          11-08 01:42:52
        </span>
      </div>
    </div>
  </div>
  <div
    id="drag"
    onMouseDown={[Function]}
    onMouseUp={[Function]}
  />
</div>
`;

exports[`Transactions Page componemt Testing dumb Transactions component Should render without errors 1`] = `
<div
  className="transactionsPage"
  data-test="transactionsComponent"
>
  <div
    className="transactionsPage__targetListContainer"
  >
    <TargetList
      getTransactions={[Function]}
      targets={
        Array [
          Object {
            "id": 2,
            "target_url": "https://fb.com",
          },
        ]
      }
    />
  </div>
  <div
    className="transactionsPage__HeaderAndTableContainer"
  />
  <div
    className="transactionsPage__HeaderAndTableContainer__wrapper"
    id="right_panel"
    style={
      Object {
        "width": "100%",
      }
    }
  >
    <div
      className="transactionsPage__HeaderAndTableContainer__wrapper__TableContainer"
    />
    <div
      className="transactionsPage__HeaderAndTableContainer__wrapper__headerContainer"
    />
  </div>
</div>
`;
