// Jest Snapshot v1, https://goo.gl/fbAQLP

exports[`NavigationBar Component Should contain a Link component 1`] = `
<nav
  className="navigationBar"
>
  <div
    className="navigationBar__brandContainer"
  >
    <Link
      className="navigationBar__brandContainer__link"
      replace={false}
      to="/"
    >
      OWASP OWTF
    </Link>
    <img
      alt="owtf logo"
      src=""
    />
  </div>
  <div
    className="navigationBar__navLinksContainer "
  >
    <NavMenu
      links={
        Array [
          Object {
            "linkTo": "/dashboard",
            "text": "Dashboard",
          },
          Object {
            "linkTo": "/targets",
            "text": "Targets",
          },
        ]
      }
      menuToggle={[Function]}
    />
    <div
      className="navigationBar__navLinksContainer__closeButton"
      onClick={[Function]}
    >
      <RiCloseFill />
    </div>
  </div>
  <div
    className="navigationBar__menuButton"
    onClick={[Function]}
  >
    <FiMenu />
  </div>
</nav>
`;

exports[`NavigationBar Component Should contain a NavMenu children component 1`] = `
<nav
  className="navigationBar"
>
  <div
    className="navigationBar__brandContainer"
  >
    <Link
      className="navigationBar__brandContainer__link"
      replace={false}
      to="/"
    >
      OWASP OWTF
    </Link>
    <img
      alt="owtf logo"
      src=""
    />
  </div>
  <div
    className="navigationBar__navLinksContainer "
  >
    <NavMenu
      links={
        Array [
          Object {
            "linkTo": "/dashboard",
            "text": "Dashboard",
          },
          Object {
            "linkTo": "/targets",
            "text": "Targets",
          },
        ]
      }
      menuToggle={[Function]}
    />
    <div
      className="navigationBar__navLinksContainer__closeButton"
      onClick={[Function]}
    >
      <RiCloseFill />
    </div>
  </div>
  <div
    className="navigationBar__menuButton"
    onClick={[Function]}
  >
    <FiMenu />
  </div>
</nav>
`;

exports[`NavigationBar Component Should render without errors 1`] = `
<nav
  className="navigationBar"
>
  <div
    className="navigationBar__brandContainer"
  >
    <Link
      className="navigationBar__brandContainer__link"
      replace={false}
      to="/"
    >
      OWASP OWTF
    </Link>
    <img
      alt="owtf logo"
      src=""
    />
  </div>
  <div
    className="navigationBar__navLinksContainer "
  >
    <NavMenu
      links={
        Array [
          Object {
            "linkTo": "/dashboard",
            "text": "Dashboard",
          },
          Object {
            "linkTo": "/targets",
            "text": "Targets",
          },
        ]
      }
      menuToggle={[Function]}
    />
    <div
      className="navigationBar__navLinksContainer__closeButton"
      onClick={[Function]}
    >
      <RiCloseFill />
    </div>
  </div>
  <div
    className="navigationBar__menuButton"
    onClick={[Function]}
  >
    <FiMenu />
  </div>
</nav>
`;
