// Jest Snapshot v1, https://goo.gl/fbAQLP

exports[`Report page component Testing Collapse component Should render without errors 1`] = `
<Dialog
  data-test="collapseComponent"
  isDialogOpened={true}
  onClose={[MockFunction]}
  title=""
>
  <div
    className="accordriansContainer__accordianCollapseContainer__collapseContainer"
  >
    <div
      className="accordriansContainer__accordianCollapseContainer__collapseContainer__headerContainer"
    >
      <div
        className="accordriansContainer__accordianCollapseContainer__collapseContainer__headerContainer__heading"
      >
        <h2>
          OWTF-ABrF-001 Password Bruteforce Testing plugin
        </h2>
        <p
          color="muted"
        >
          Password Bruteforce 
        </p>
      </div>
      <div
        className="accordriansContainer__accordianCollapseContainer__collapseContainer__headerContainer__typeContainer"
      >
        <span
          key="type"
        >
          Type :
        </span>
        <Link
          aria-controls="panel-0"
          id={0}
          is="a"
          key="bruteforce_OWTF-ABrF-001"
          onClick={[Function]}
          replace={false}
          style={
            Object {
              "backgroundColor": "transparent",
            }
          }
          to="#auxiliary_bruteforce_OWTF-ABrF-001"
        >
          bruteforce
        </Link>
        <Link
          aria-controls="panel-1"
          id={1}
          is="a"
          key="bruteforce_OWTF-ABrF-001"
          onClick={[Function]}
          replace={false}
          style={
            Object {
              "backgroundColor": "transparent",
            }
          }
          to="#auxiliarysss_bruteforce_OWTF-ABrF-001"
        >
          bruteforce
        </Link>
        <span
          key="more-info"
          style={
            Object {
              "padding": "0.5rem",
            }
          }
        >
          <a
            href=" https://www.owasp.org/index.php/"
            style={
              Object {
                "padding": "0",
              }
            }
            title="More information"
          >
            <FaLightbulb />
          </a>
        </span>
      </div>
    </div>
    <div
      className="accordriansContainer__accordianCollapseContainer__collapseContainer__bodyContainer"
    >
      <div
        aria-hidden={true}
        aria-labelledby={0}
        className="accordriansContainer__accordianCollapseContainer__collapseContainer__bodyContainer__pluginTypeContainer"
        id="panel-0"
        key="bruteforce_OWTF-ABrF-001"
        role="tabpanel"
        style={
          Object {
            "display": "none",
          }
        }
      >
        <div
          className="accordriansContainer__accordianCollapseContainer__collapseContainer__bodyContainer__pluginTypeContainer__headingButtonsContainer"
        >
          <div
            className="accordriansContainer__accordianCollapseContainer__collapseContainer__bodyContainer__pluginTypeContainer__headingButtonsContainer__heading"
          >
            <blockquote
              className="pull-left"
            >
              <h2>
                Bruteforce
              </h2>
              <small>
                OWTF-ABrF-001
              </small>
            </blockquote>
            <RankButtons
              obj={
                Object {
                  "id": 63,
                  "owtf_rank": -1,
                  "plugin_code": "OWTF-ABrF-001",
                  "plugin_group": "auxiliary",
                  "plugin_key": "bruteforce@OWTF-ABrF-001",
                  "plugin_type": "bruteforce",
                  "status": "",
                  "user_rank": -1,
                }
              }
              patchUserRank={[MockFunction]}
            />
          </div>
          <Connect(DataTable)
            deletePluginOutput={[MockFunction]}
            obj={
              Object {
                "id": 63,
                "owtf_rank": -1,
                "plugin_code": "OWTF-ABrF-001",
                "plugin_group": "auxiliary",
                "plugin_key": "bruteforce@OWTF-ABrF-001",
                "plugin_type": "bruteforce",
                "status": "",
                "user_rank": -1,
              }
            }
            postToWorklist={[MockFunction]}
            targetData={Object {}}
          />
        </div>
      </div>
      <div
        aria-hidden={true}
        aria-labelledby={1}
        className="accordriansContainer__accordianCollapseContainer__collapseContainer__bodyContainer__pluginTypeContainer"
        id="panel-1"
        key="bruteforce_OWTF-ABrF-001"
        role="tabpanel"
        style={
          Object {
            "display": "none",
          }
        }
      >
        <div
          className="accordriansContainer__accordianCollapseContainer__collapseContainer__bodyContainer__pluginTypeContainer__headingButtonsContainer"
        >
          <div
            className="accordriansContainer__accordianCollapseContainer__collapseContainer__bodyContainer__pluginTypeContainer__headingButtonsContainer__heading"
          >
            <blockquote
              className="pull-left"
            >
              <h2>
                Bruteforce
              </h2>
              <small>
                OWTF-ABrF-001
              </small>
            </blockquote>
            <RankButtons
              obj={
                Object {
                  "id": 63,
                  "owtf_rank": -1,
                  "plugin_code": "OWTF-ABrF-001",
                  "plugin_group": "auxiliarysss",
                  "plugin_key": "bruteforce@OWTF-ABrF-001",
                  "plugin_type": "bruteforce",
                  "status": "",
                  "user_rank": -1,
                }
              }
              patchUserRank={[MockFunction]}
            />
          </div>
          <Connect(DataTable)
            deletePluginOutput={[MockFunction]}
            obj={
              Object {
                "id": 63,
                "owtf_rank": -1,
                "plugin_code": "OWTF-ABrF-001",
                "plugin_group": "auxiliarysss",
                "plugin_key": "bruteforce@OWTF-ABrF-001",
                "plugin_type": "bruteforce",
                "status": "",
                "user_rank": -1,
              }
            }
            postToWorklist={[MockFunction]}
            targetData={Object {}}
          />
        </div>
      </div>
    </div>
  </div>
</Dialog>
`;

exports[`Report page component Testing Header component Should render without errors 1`] = `
<div
  className="targetContainer__headerToolbarContainer__headerContainer"
  data-test="headerComponent"
>
  <div
    className="targetContainer__headerToolbarContainer__headerContainer__heading"
  >
    <h2>
      http://gg.com
    </h2>
    <small>
       (49.4.3.212)
    </small>
    <div
      className="targetContainer__headerToolbarContainer__headerContainer__heading__severity"
    >
      <span
        style={
          Object {
            "backgroundColor": "rgba(128, 0, 128, 0.466)",
          }
        }
      >
        Critical
      </span>
    </div>
  </div>
</div>
`;

exports[`Report page component Testing Table component Should render without errors 1`] = `
<div
  className="targetsCollapseDataTableContainer"
  data-test="dataTableComponent"
>
  <div
    className="targetsCollapseDataTableContainer__headerContainer"
  >
    <span>
      RUNTIME
    </span>
    <span>
      TIME INTERVAL
    </span>
    <span>
      STATUS
    </span>
    <span>
      OUTPUT FILES
    </span>
    <span>
      ACTIONS
    </span>
  </div>
  <div
    className="targetsCollapseDataTableContainer__bodyContainer"
  >
    <div
      className="targetsCollapseDataTableContainer__bodyContainer__rowContainer"
    >
      <div
        className="targetsCollapseDataTableContainer__bodyContainer__rowContainer__runTime"
      />
      <div
        className="targetsCollapseDataTableContainer__bodyContainer__rowContainer__time"
      >
        <br />
      </div>
      <div
        className="targetsCollapseDataTableContainer__bodyContainer__rowContainer__status"
      />
      <div
        className="targetsCollapseDataTableContainer__bodyContainer__rowContainer__outputfiles"
      >
        <Link
          replace={false}
          to="/output_files/undefined/"
        >
          <button
            disabled={false}
          >
            Browse
          </button>
        </Link>
      </div>
      <div
        className="targetsCollapseDataTableContainer__bodyContainer__rowContainer__actionButtons"
      >
        <button
          className="targetsCollapseDataTableContainer__bodyContainer__rowContainer__actionButtons__reRunPlugin"
          onClick={[Function]}
          title="Rerun plugin"
        >
          <GiRecycle />
        </button>
        <button
          className="targetsCollapseDataTableContainer__bodyContainer__rowContainer__actionButtons__deletePlugin"
          onClick={[Function]}
          title="Delete plugin output"
        >
          <AiOutlineClose />
        </button>
      </div>
    </div>
  </div>
  <div
    className="targetsCollapseDataTableContainer__notesAndDetailsContainer"
  >
    <div
      className="targetsCollapseDataTableContainer__notesAndDetailsContainer__toggleButtonAndEditor"
    >
      <button
        onClick={[Function]}
        title="Click to open the text editor"
      >
        Notes
      </button>
    </div>
    <div
      className="targetsCollapseDataTableContainer__notesAndDetailsContainer__moreDetailsContainer"
    >
      <h2>
        MORE DETAILS
      </h2>
      Output not available
    </div>
  </div>
</div>
`;

exports[`Report page component Testing dumb Accordian component Should render without errors 1`] = `
<div
  className="accordriansContainer__accordianCollapseContainer"
  data-test="accordianComponent"
  key="Test plugin"
>
  <div
    className="accordriansContainer__accordianCollapseContainer__accordianContainer"
  >
    <div
      className="accordriansContainer__accordianCollapseContainer__accordianContainer__headingContainer"
    >
      <h2
        onClick={[Function]}
      >
        OWTF-ABrF-001 Password Bruteforce Testing plugin
      </h2>
      <small>
        Password Bruteforce 
      </small>
    </div>
    <div
      className="accordriansContainer__accordianCollapseContainer__accordianContainer__buttonsContainer"
    >
      <button
        key="Test pluginbruteforce"
        onClick={[Function]}
      >
        Bruteforce
      </button>
    </div>
    <div
      className="accordriansContainer__accordianCollapseContainer__accordianContainer__severityContainer"
    />
  </div>
  <Collapse
    deletePluginOutput={[Function]}
    handlePluginBtnOnAccordian={[Function]}
    handleSideSheetClose={[Function]}
    pactive="bruteforce"
    patchUserRank={[Function]}
    plugin={
      Object {
        "code": "OWTF-ABrF-001",
        "descrip": "Password Bruteforce Testing plugin",
        "group": "aux",
        "hint": "Password_Bruteforce ",
        "mappings": Object {},
        "priority": 99,
        "url": " https://www.owasp.org/index.php/",
      }
    }
    pluginCollapseData={Array []}
    postToWorklist={[Function]}
    selectedGroup={Array []}
    selectedMapping=""
    selectedOwtfRank={Array []}
    selectedRank={Array []}
    selectedStatus={Array []}
    selectedType={Array []}
    sideSheetOpen={false}
    targetData={Object {}}
  />
</div>
`;

exports[`Report page component Testing dumb Accordians component Should render without errors 1`] = `
<div
  className="AccordriansContainer"
  data-test="accordiansComponent"
  id="pluginOutputs"
>
  <Connect(Accordian)
    code="OWTF-ABrF-001"
    data={
      Object {
        "data": Array [
          Object {
            "id": 63,
            "owtf_rank": -1,
            "plugin_code": "OWTF-ABrF-001",
            "plugin_group": "auxiliary",
            "plugin_key": "bruteforce@OWTF-ABrF-001",
            "plugin_type": "bruteforce",
            "status": "",
            "user_rank": -1,
          },
        ],
        "details": Object {
          "code": "OWTF-ABrF-001",
          "descrip": "Password Bruteforce Testing plugin",
          "group": "aux",
          "hint": "Password_Bruteforce ",
          "mappings": Object {},
          "priority": 99,
          "url": " https://www.owasp.org/index.php/",
        },
      }
    }
    key="OWTF-ABrF-001"
    targetData={Object {}}
  />
</div>
`;

exports[`Report page component Testing dumb SideFilters component Should render without errors 1`] = `
<div
  className="targetContainer__sideFilterContainer"
  data-test="sideFiltersComponent"
>
  <div
    className="targetContainer__sideFilterContainer__actionsContainer"
  >
    <strong>
      Actions : 
    </strong>
    <div
      className="targetContainer__sideFilterContainer__actionsContainer__optionsWrapper"
    >
      <span
        key="filter"
        onClick={[Function]}
      >
        Filter
      </span>
      <span
        key="refresh"
        onClick={[MockFunction]}
      >
        Refresh
      </span>
      <span
        key="plugins"
        onClick={[Function]}
      >
        Run Plugins
      </span>
      <span
        key="sessions"
      >
        User Sessions
      </span>
      <Popover
        animationDuration={300}
        bringFocusInside={false}
        content={
          <Menu>
            <MenuGroup
              title="Select template"
            />
          </Menu>
        }
        minHeight={40}
        minWidth={200}
        onBodyClick={[Function]}
        onClose={[Function]}
        onCloseComplete={[Function]}
        onOpen={[Function]}
        onOpenComplete={[Function]}
        position="bottom-left"
        shouldCloseOnExternalClick={true}
        trigger="click"
      >
        <span
          key="export"
          onClick={[MockFunction]}
        >
          Export Report
        </span>
      </Popover>
    </div>
  </div>
  <div
    className="targetContainer__sideFilterContainer__groupsContainer"
  >
    <strong>
       Plugin Group : 
    </strong>
    <div
      className="targetContainer__sideFilterContainer__groupsContainer__optionsWrapper"
    >
      <span
        aria-controls="panel-web"
        id={0}
        key="0"
        onClick={[Function]}
        style={
          Object {
            "backgroundColor": "transparent",
          }
        }
      >
        web
      </span>
      <span
        aria-controls="panel-network"
        id={1}
        key="1"
        onClick={[Function]}
        style={
          Object {
            "backgroundColor": "transparent",
          }
        }
      >
        network
      </span>
      <span
        aria-controls="panel-auxiliary"
        id={2}
        key="2"
        onClick={[Function]}
        style={
          Object {
            "backgroundColor": "transparent",
          }
        }
      >
        auxiliary
      </span>
    </div>
  </div>
  <div
    className="targetContainer__sideFilterContainer__typeContainer"
  >
    <strong>
       Plugin Type : 
    </strong>
    <div
      className="targetContainer__sideFilterContainer__typeContainer__optionsWrapper"
    >
      <span
        aria-controls="panel-exploit"
        id={0}
        key="0"
        onClick={[Function]}
        style={
          Object {
            "backgroundColor": "transparent",
          }
        }
      >
        exploit
      </span>
      <span
        aria-controls="panel-semi_passive"
        id={1}
        key="1"
        onClick={[Function]}
        style={
          Object {
            "backgroundColor": "transparent",
          }
        }
      >
        semi passive
      </span>
      <span
        aria-controls="panel-dos"
        id={2}
        key="2"
        onClick={[Function]}
        style={
          Object {
            "backgroundColor": "transparent",
          }
        }
      >
        dos
      </span>
      <span
        aria-controls="panel-selenium"
        id={3}
        key="3"
        onClick={[Function]}
        style={
          Object {
            "backgroundColor": "transparent",
          }
        }
      >
        selenium
      </span>
      <span
        aria-controls="panel-smb"
        id={4}
        key="4"
        onClick={[Function]}
        style={
          Object {
            "backgroundColor": "transparent",
          }
        }
      >
        smb
      </span>
      <span
        aria-controls="panel-active"
        id={5}
        key="5"
        onClick={[Function]}
        style={
          Object {
            "backgroundColor": "transparent",
          }
        }
      >
        active
      </span>
      <span
        aria-controls="panel-bruteforce"
        id={6}
        key="6"
        onClick={[Function]}
        style={
          Object {
            "backgroundColor": "transparent",
          }
        }
      >
        bruteforce
      </span>
      <span
        aria-controls="panel-external"
        id={7}
        key="7"
        onClick={[Function]}
        style={
          Object {
            "backgroundColor": "transparent",
          }
        }
      >
        external
      </span>
      <span
        aria-controls="panel-grep"
        id={8}
        key="8"
        onClick={[Function]}
        style={
          Object {
            "backgroundColor": "transparent",
          }
        }
      >
        grep
      </span>
      <span
        aria-controls="panel-passive"
        id={9}
        key="9"
        onClick={[Function]}
        style={
          Object {
            "backgroundColor": "transparent",
          }
        }
      >
        passive
      </span>
    </div>
  </div>
  <div
    className="dialogWrapper"
  >
    <Dialog
      isDialogOpened={false}
      onClose={[Function]}
      title="Advance filter"
    >
      Dialog content
    </Dialog>
  </div>
  <Connect(Plugins)
    handleAlertMsg={[Function]}
    handlePluginClose={[Function]}
    pluginShow={false}
    resetTargetState={[Function]}
    selectedTargets={
      Array [
        1,
      ]
    }
  />
</div>
`;

exports[`Report page component Testing dumb report component Should render without errors 1`] = `
<div
  className="targetContainer"
  data-test="reportComponent"
>
  <Connect(SideFilters)
    clearFilters={[Function]}
    selectedGroup={Array []}
    selectedType={Array []}
    targetData={
      Array [
        undefined,
      ]
    }
    updateFilter={[Function]}
    updateReport={[Function]}
  />
  <div
    className="targetContainer__headerToolbarContainer"
  >
    <Header
      targetData={Object {}}
    />
    <div
      className="targetContainer__severityContainer"
    >
      <strong>
        Severity : 
      </strong>
      <Toolbar
        selectedRank={Array []}
        updateFilter={[Function]}
      />
    </div>
    <br />
    <Connect(Accordians)
      selectedGroup={Array []}
      selectedMapping=""
      selectedOwtfRank={Array []}
      selectedRank={Array []}
      selectedStatus={Array []}
      selectedType={Array []}
      targetData={Object {}}
    />
  </div>
</div>
`;
