// Jest Snapshot v1, https://goo.gl/fbAQLP

exports[`HelpPage component Should render without errors 1`] = `
<div
  className="helpPageContainer"
  data-test="helpComponent"
>
  <div
    className="helpPageContainer__exploitationContainer"
    data-test="helpBox"
  >
    <div
      className="helpPageContainer__exploitationContainer__headingContainer"
    >
      <span>
        <GoSearch />
      </span>
      <h2>
        Exploitation
      </h2>
    </div>
    <div
      className="helpPageContainer__exploitationContainer__linksContainer"
    >
      <ul>
        <li
          key="1"
        >
          <a
            href="http://hackvertor.co.uk/public"
            rel="noopener noreferrer"
            target="_blank"
          >
            Hackvertor
          </a>
        </li>
        <li
          key="2"
        >
          <a
            href="http://www.exploit-db.com/"
            rel="noopener noreferrer"
            target="_blank"
          >
            ExploitDB
          </a>
        </li>
        <li
          key="3"
        >
          <a
            href="http://www.exploitsearch.net/"
            rel="noopener noreferrer"
            target="_blank"
          >
            ExploitSearch
          </a>
        </li>
        <li
          key="4"
        >
          <a
            href="http://www.hakipedia.com/index.php/Hakipedia"
            rel="noopener noreferrer"
            target="_blank"
          >
            Hackipedia
          </a>
        </li>
      </ul>
    </div>
  </div>
  <div
    className="helpPageContainer__methodologyContainer"
    data-test="helpBox"
  >
    <div
      className="helpPageContainer__methodologyContainer__headingContainer"
    >
      <span>
        <BiMenuAltLeft />
      </span>
      <h2>
        Methodology
      </h2>
    </div>
    <div
      className="helpPageContainer__methodologyContainer__linksContainer"
    >
      <ul>
        <li
          key="1"
        >
          <a
            href="https://www.owasp.org/index.php/OWASP_Testing_Guide_v3_Table_of_Contents"
            rel="noopener noreferrer"
            target="_blank"
          >
            OWASP
          </a>
        </li>
        <li
          key="2"
        >
          <a
            href="http://www.exploit-db.com/"
            rel="noopener noreferrer"
            target="_blank"
          >
            Pentest Standard
          </a>
        </li>
        <li
          key="3"
        >
          <a
            href="http://www.isecom.org/research/osstmm.html"
            rel="noopener noreferrer"
            target="_blank"
          >
            OSSTMM
          </a>
        </li>
      </ul>
    </div>
  </div>
  <div
    className="helpPageContainer__calculatorsContainer"
    data-test="helpBox"
  >
    <div
      className="helpPageContainer__calculatorsContainer__headingContainer"
    >
      <span>
        <BsCalculator />
      </span>
      <h2>
        Calculators
      </h2>
    </div>
    <div
      className="helpPageContainer__calculatorsContainer__linksContainer"
    >
      <ul>
        <li
          key="1"
        >
          <a
            href="http://nvd.nist.gov/cvss.cfm?adv&calculator&version=2"
            rel="noopener noreferrer"
            target="_blank"
          >
            CVSS Advanced
          </a>
        </li>
        <li
          key="2"
        >
          <a
            href="http://nvd.nist.gov/cvss.cfm?calculator&version=2"
            rel="noopener noreferrer"
            target="_blank"
          >
            CVSS Normal
          </a>
        </li>
      </ul>
    </div>
  </div>
  <div
    className="helpPageContainer__testLearnContainer"
    data-test="helpBox"
  >
    <div
      className="helpPageContainer__testLearnContainer__headingContainer"
    >
      <span>
        <RiBookletFill />
      </span>
      <h2>
        Test/Learn
      </h2>
    </div>
    <div
      className="helpPageContainer__testLearnContainer__linksContainer"
    >
      <ul>
        <li
          key="1"
        >
          <a
            href="http://www.owasp.org/index.php?title=OWASP_Vulnerable_Web_Applications_Directory_Project"
            rel="noopener noreferrer"
            target="_blank"
          >
            OWASP VWAD
          </a>
        </li>
        <li
          key="2"
        >
          <a
            href="http://securitythoughts.wordpress.com/2010/03/22/vulnerable-web-applications-for-learning/"
            rel="noopener noreferrer"
            target="_blank"
          >
            Securitythoughts
          </a>
        </li>
        <li
          key="3"
        >
          <a
            href="http://danielmiessler.com/projects/webappsec_testing_resources/"
            rel="noopener noreferrer"
            target="_blank"
          >
            Danielmiessler
          </a>
        </li>
      </ul>
    </div>
  </div>
  <div
    className="helpPageContainer__helpLinksContainer"
    data-test="helpBox"
  >
    <div
      className="helpPageContainer__helpLinksContainer__headingContainer"
    >
      <span>
        <IoHelpCircleSharp />
      </span>
      <h2>
        OWTF Help Links
      </h2>
    </div>
    <div
      className="helpPageContainer__helpLinksContainer__linksWrapper"
    >
      <div
        className="helpPageContainer__helpLinksContainer__linksWrapper__linksContainer"
      >
        <ul>
          <li
            key="1"
          >
            <a
              href="https://github.com/owtf/owtf/wiki"
              rel="noopener noreferrer"
              target="_blank"
            >
              Github Wiki
            </a>
          </li>
          <li
            key="2"
          >
            <a
              href="http://www.youtube.com/user/owtfproject"
              rel="noopener noreferrer"
              target="_blank"
            >
              Youtube channel
            </a>
          </li>
          <li
            key="3"
          >
            <a
              href="http://blog.7-a.org/search/label/OWTF%20Release"
              rel="noopener noreferrer"
              target="_blank"
            >
              Release notes
            </a>
          </li>
        </ul>
      </div>
      <div
        className="helpPageContainer__helpLinksContainer__linksWrapper__linksContainer"
      >
        <ul>
          <li
            key="1"
          >
            <a
              href="https://github.com/owtf/owtf"
              rel="noopener noreferrer"
              target="_blank"
            >
              Github repository
            </a>
          </li>
          <li
            key="2"
          >
            <a
              href="https://github.com/owtf/owtf/issues"
              rel="noopener noreferrer"
              target="_blank"
            >
              Issue tracker
            </a>
          </li>
        </ul>
      </div>
      <div
        className="helpPageContainer__helpLinksContainer__linksWrapper__linksContainer"
      >
        <ul>
          <li
            key="1"
          >
            <a
              href="https://lists.owasp.org/mailman/listinfo/owasp_owtf"
              rel="noopener noreferrer"
              target="_blank"
            >
              Mailing List
            </a>
          </li>
          <li
            key="2"
          >
            <a
              href="https://twitter.com/owtfp"
              rel="noopener noreferrer"
              target="_blank"
            >
              Twitter
            </a>
          </li>
          <li
            key="3"
          >
            <a
              href="https://medium.com/@owtf"
              rel="noopener noreferrer"
              target="_blank"
            >
              Medium Blog
            </a>
          </li>
          <li
            key="4"
          >
            <a
              href="http://blog.7-a.org"
              rel="noopener noreferrer"
              target="_blank"
            >
              Author's blog
            </a>
          </li>
        </ul>
      </div>
    </div>
  </div>
</div>
`;
