// Jest Snapshot v1, https://goo.gl/fbAQLP

exports[`Targets Page component Testing dumb TargetPage component Should render without errors 1`] = `
<div
  data-test="targetsPageComponent"
>
  <div
    className="targetsPageContainer"
  >
    <div
      className="targetsPageContainer__addTargetsContainer"
      id="add_targets"
    >
      <h2>
        Add Targets
      </h2>
      <textarea
        name="newTargetUrls"
        onChange={[Function]}
        placeholder="Input targets seperated by new line"
        value=""
      />
      <button
        data-test="addTargetButton"
        disabled={false}
        onClick={[Function]}
      >
        <FiTarget />
        Add Targets
      </button>
      <Connect(Plugins)
        handleAlertMsg={[Function]}
        handlePluginClose={[Function]}
        pluginShow={false}
        resetTargetState={[Function]}
        selectedTargets={Array []}
      />
    </div>
    <div
      className="targetsPageContainer__targetsContainer"
    >
      <div
        className="targetsPageContainer__targetsContainer__toolbarContainer"
      >
        <div
          className="targetsPageContainer__targetsContainer__toolbarContainer__headingConatiner"
        >
          <h2>
            Targets
          </h2>
        </div>
        <div
          style={
            Object {
              "display": "flex",
              "flexDirection": "column",
            }
          }
        >
          <div
            className="targetsPageContainer__targetsContainer__toolbarContainer__sessionsContainer"
          >
            <Connect(Sessions) />
          </div>
          <div
            className="targetsPageContainer__targetsContainer__toolbarContainer__buttonsContainer"
          >
            <button
              className="targetsPageContainer__targetsContainer__toolbarContainer__buttonsContainer__exportButton"
              onClick={[Function]}
            >
              <FaDownload />
              Export
            </button>
            <button
              className="targetsPageContainer__targetsContainer__toolbarContainer__buttonsContainer__runButton"
              data-test="pluginButton"
              onClick={[Function]}
            >
              <FaHammer />
              Run
            </button>
          </div>
        </div>
      </div>
      <div>
        Loading.standard();
      </div>
      <Connect(TargetsTable)
        getCurrentSession={[Function]}
        handleAlertMsg={[Function]}
        handlePluginShow={[Function]}
        targets={Array []}
        updateSelectedTargets={[Function]}
      />
    </div>
  </div>
</div>
`;

exports[`Targets Page component Testing dumb TargetsTable component Should render without errors 1`] = `
<div
  className="targetsTableContainer"
  data-test="targetsTableComponent"
>
  <div
    className="targetsTableContainer__headerContainer"
  >
    <div
      className="targetsTableContainer__headerContainer__searchInput"
    >
      <HiOutlineSearch />
      <input
        onChange={[Function]}
        placeholder="URL"
        value=""
      />
    </div>
    <div
      className="targetsTableContainer__headerContainer__severity"
    >
      <div
        className="targetsTableContainer__headerContainer__severity__buttonAndDropdownMenuContainer"
      >
        <button
          onClick={[Function]}
        >
          Severity
          <BiCaretDown />
        </button>
      </div>
    </div>
    <div
      className="targetsTableContainer__headerContainer__actions"
    >
      Actions
    </div>
  </div>
  <div
    className="targetsTableContainer__bodyContainer"
  >
    <div>
      <div
        className="targetsTableContainer__bodyContainer__rowContainer"
        key="6"
      >
        <div
          className="targetsTableContainer__bodyContainer__rowContainer__checkboxUrlContainer"
        >
          <input
            checked={false}
            id="http://fb.com"
            onChange={[Function]}
            type="checkbox"
          />
          <Link
            replace={false}
            to="/targets/6"
          >
             
            http://fb.com
             (
            157.240.16.35
            )
          </Link>
        </div>
        <div
          className="targetsTableContainer__bodyContainer__rowContainer__severityContainer"
        >
          <span
            style={
              Object {
                "backgroundColor": "rgba(255, 173, 21, 0.459)",
              }
            }
          >
            Medium
          </span>
        </div>
        <div
          className="targetsTableContainer__bodyContainer__rowContainer__optionContainer"
        >
          <button
            data-test="actionsPopover"
            onClick={[Function]}
          >
            <BiDotsHorizontalRounded />
          </button>
        </div>
      </div>
    </div>
  </div>
</div>
`;
