// Jest Snapshot v1, https://goo.gl/fbAQLP

exports[`Workers Page component Testing WorkerPanel component Should render without errors 1`] = `
<div
  className="workerPanelContainer"
  data-test="workerPanelComponent"
>
  <div
    className="workerPanelContainer__headingContainer"
  >
    <h1
      className="workerPanelContainer__headingContainer__heading"
    >
       
      Worker 4
    </h1>
    <div
      className="workerPanelContainer__headingContainer__deleteButton pull-right"
    >
      <button
        className="wokerPanel_woker_deleteButton"
        onClick={[Function]}
      >
        <GrFormClose />
      </button>
    </div>
  </div>
  <div
    className="workerPanelContainer__infoContainer"
  >
    <p
      className="workerPanelContainer__infoContainer__pid"
    >
      <strong>
        PID: 
      </strong>
      29693
    </p>
    <p
      className="workerPanelContainer__infoContainer__startTime"
    >
      <strong>
        Start Time: 
      </strong>
      N/A
    </p>
    <button
      className="workerPanelContainer__infoContainer__showLogsButton"
      onClick={[Function]}
    >
      Show logs
    </button>
  </div>
</div>
`;

exports[`Workers Page component Testing dumb WorkersPage component Should render without errors 1`] = `
<div
  className="workersPageContainer"
  data-test="workerComponent"
>
  <div
    className="workersPageContainer__buttonsContainer"
  >
    <button
      className="workersPageContainer__buttonsContainer__addWorkerButton"
      onClick={[Function]}
    >
      <BsPlusLg />
      Add worker !
    </button>
    <button
      className="workersPageContainer__buttonsContainer__pauseAllButton"
      onClick={[Function]}
    >
      <GiPauseButton />
      Pause All
    </button>
    <button
      className="workersPageContainer__buttonsContainer__resumeAllButton"
      onClick={[Function]}
    >
      <BsPlayFill />
      Resume All
    </button>
  </div>
  <h2
    className="workersPageContainer__heading"
    title="updates in 13s"
  >
    Total scan progress
  </h2>
  <div
    className="workersPageContainer__progressBarContainer"
  >
    <ProgressBar
      active={true}
      bsClass="progress-bar"
      bsStyle="success"
      isChild={false}
      max={100}
      min={0}
      now={66.66666666666666}
      srOnly={false}
      striped={true}
    />
  </div>
  <div
    className="workersPageContainer__workerPanelContainer"
  >
    <WorkerPanel
      abortWorker={[Function]}
      deleteWorker={[Function]}
      handleLogDialogContent={[Function]}
      handleLogDialogShow={[Function]}
      key="4"
      logDialogContent="Nothing to show here!"
      onFetchWorkerLogs={[MockFunction]}
      openDialog={[Function]}
      pauseWorker={[Function]}
      resumeWorker={[Function]}
      worker={
        Object {
          "busy": false,
          "id": 4,
          "name": "Worker-4",
          "paused": false,
          "work": Array [],
          "worker": 29693,
        }
      }
      workerLogs={false}
    />
  </div>
  <div
    className="dialogWrapper"
  >
    <Dialog
      isDialogOpened={false}
      onClose={[Function]}
      title="Worker Log"
    >
      <pre
        style={
          Object {
            "maxHeight": "80vh",
            "overflow": "scroll",
          }
        }
      >
        Nothing to show here!
      </pre>
    </Dialog>
  </div>
</div>
`;
