// Jest Snapshot v1, https://goo.gl/fbAQLP

exports[`Plugins componemt Testing Plugins Table component Should render without errors 1`] = `
<div
  className="pluginsTableContainer"
>
  <div
    className="pluginsTableContainer__headerContainer"
  >
    <div
      className="pluginsTableContainer__headerContainer__checkbox"
    >
      <input
        checked={false}
        onChange={[Function]}
        type="checkbox"
      />
    </div>
    <div
      className="pluginsTableContainer__headerContainer__codeInputContainer"
    >
      <HiOutlineSearch />
      <input
        onChange={[Function]}
        placeholder="Code"
        type="text"
        value=""
      />
    </div>
    <div
      className="pluginsTableContainer__headerContainer__nameInputContainer"
    >
      <HiOutlineSearch />
      <input
        onChange={[Function]}
        placeholder="Name"
        type="text"
        value=""
      />
    </div>
    <div
      className="pluginsTableContainer__headerContainer__typeInputContainer"
    >
      <HiOutlineSearch />
      <input
        onChange={[Function]}
        placeholder="Type"
        type="text"
        value=""
      />
    </div>
    <div
      className="pluginsTableContainer__headerContainer__groupInputContainer"
    >
      <HiOutlineSearch />
      <input
        onChange={[Function]}
        placeholder="Group"
        type="text"
        value=""
      />
    </div>
    <div
      className="pluginsTableContainer__headerContainer__helpInputContainer"
    >
      <HiOutlineSearch />
      <input
        onChange={[Function]}
        placeholder="Help"
        type="text"
        value=""
      />
    </div>
  </div>
  <div
    className="pluginsTableContainer__bodyContainer"
  >
    <div
      className="pluginsTableContainer__bodyContainer__rowContainer"
      key="0"
    >
      <div
        className="pluginsTableContainer__bodyContainer__rowContainer__checkbox"
      >
        <input
          checked={false}
          id="semi_passive@OWTF-IG-004"
          onChange={[Function]}
          type="checkbox"
        />
      </div>
      <div
        className="pluginsTableContainer__bodyContainer__rowContainer__pluginCode"
      >
        OWTF-IG-004
      </div>
      <div
        className="pluginsTableContainer__bodyContainer__rowContainer__pluginName"
      >
        Web Application Fingerprint
      </div>
      <div
        className="pluginsTableContainer__bodyContainer__rowContainer__pluginType"
      >
        semi passive
      </div>
      <div
        className="pluginsTableContainer__bodyContainer__rowContainer__pluginGroup"
      >
        web
      </div>
      <div
        className="pluginsTableContainer__bodyContainer__rowContainer__pluginHelp"
        title="Normal requests to gather fingerprint info"
      >
        Normal requests to gather fingerprint info
      </div>
    </div>
    <div
      className="pluginsTableContainer__bodyContainer__rowContainer"
      key="1"
    >
      <div
        className="pluginsTableContainer__bodyContainer__rowContainer__checkbox"
      >
        <input
          checked={false}
          id="dos@OWTF-ADoS-001"
          onChange={[Function]}
          type="checkbox"
        />
      </div>
      <div
        className="pluginsTableContainer__bodyContainer__rowContainer__pluginCode"
      >
        OWTF-ADoS-001
      </div>
      <div
        className="pluginsTableContainer__bodyContainer__rowContainer__pluginName"
      >
        Direct DoS Launcher
      </div>
      <div
        className="pluginsTableContainer__bodyContainer__rowContainer__pluginType"
      >
        dos
      </div>
      <div
        className="pluginsTableContainer__bodyContainer__rowContainer__pluginGroup"
      >
        auxiliary
      </div>
      <div
        className="pluginsTableContainer__bodyContainer__rowContainer__pluginHelp"
        title="Denial of Service (DoS) Launcher"
      >
        Denial of Service (DoS) Launcher
      </div>
    </div>
  </div>
</div>
`;

exports[`Plugins componemt Testing dumb plugins component Should render without errors 1`] = `
<Dialog
  confirmLabel="Run"
  isDialogOpened={false}
  onClose={[MockFunction]}
  onConfirm={[Function]}
  title="Plugins"
>
  <div
    className="pluginsContainer"
  >
    <div
      className="pluginsContainer__headerContainer"
    >
      <div
        className="pluginsContainer__headerContainer__launchingOptionsContainer"
      >
        <span
          aria-controls="panel-individual"
          className="pluginsContainer__headerContainer__launchingOptionsContainer__tab"
          id="1"
          key="1"
          onClick={[Function]}
          style={
            Object {
              "backgroundColor": "rgba(0, 0, 0, 0.178)",
            }
          }
        >
          Launch Individually
        </span>
        <span
          aria-controls="panel-group"
          className="pluginsContainer__headerContainer__launchingOptionsContainer__tab"
          id="2"
          key="2"
          onClick={[Function]}
          style={
            Object {
              "backgroundColor": "transparent",
            }
          }
        >
          Launch in groups
        </span>
      </div>
      <div
        className="pluginsContainer__headerContainer__searchinputCheckboxContainer"
      >
        <div
          className="pluginsContainer__headerContainer__searchinputCheckboxContainer__searchinputContainer"
        >
          <input
            className="search-box"
            onChange={[Function]}
            placeholder="Search"
            type="text"
            value=""
          />
        </div>
        <div
          className="pluginsContainer__headerContainer__searchinputCheckboxContainer__checkboxContainer"
        >
          <label
            htmlFor="force-overwrite"
          >
            Force Overwrite
          </label>
          <input
            checked={false}
            className="pull-right"
            id="force-overwrite"
            onChange={[Function]}
            type="checkbox"
          />
        </div>
      </div>
    </div>
    <div
      className="pluginsContainer__bodyContainer"
    >
      <div
        aria-hidden={false}
        aria-labelledby="individual"
        id="panel-individual"
        key="1"
        role="tabpanel"
        style={
          Object {
            "display": "block",
          }
        }
      >
        <PluginsTable
          globalSearch=""
          plugins={
            Array [
              Object {
                "code": "OWTF-IG-004",
                "descrip": "Normal requests to gather fingerprint info",
                "group": "web",
                "key": "semi_passive@OWTF-IG-004",
                "name": "Web_Application_Fingerprint",
                "type": "semi_passive",
              },
            ]
          }
          updateSelectedPlugins={[Function]}
        />
      </div>
      <div
        aria-hidden={true}
        aria-labelledby="group"
        className="pluginsContainer__bodyContainer__pluginGroupContainer"
        id="panel-group"
        key="2"
        role="tabpanel"
        style={
          Object {
            "display": "none",
          }
        }
      >
        <div
          className="pluginsContainer__bodyContainer__pluginGroupContainer__pluginGroupSelectContainer"
        >
          <h2>
            Plugin Groups
          </h2>
          <div
            className="pluginsContainer__bodyContainer__pluginGroupContainer__pluginGroupSelectContainer__inputContainer"
            key="0"
          >
            <label
              htmlFor="plugins-group-select 0"
            >
              web
            </label>
            <input
              checked={false}
              id="plugins-group-select 0"
              key="0"
              onChange={[Function]}
              type="checkbox"
            />
          </div>
        </div>
        <div
          className="pluginsContainer__bodyContainer__pluginGroupContainer__pluginTypesContainer"
        >
          <h2>
            Plugin Types
          </h2>
          <div
            className="pluginsContainer__bodyContainer__pluginGroupContainer__pluginTypesContainer__inputContainer"
            key="0"
          >
            <label
              htmlFor="plugins-type-select 0"
            >
              semi passive
            </label>
            <input
              checked={false}
              id="plugins-type-select 0"
              key="0"
              onChange={[Function]}
              type="checkbox"
            />
          </div>
        </div>
      </div>
    </div>
    <div
      className="pluginsContainer__buttonContainer"
    >
      <button
        onClick={[Function]}
      >
        Run
      </button>
    </div>
  </div>
</Dialog>
`;
