// Jest Snapshot v1, https://goo.gl/fbAQLP

exports[`Worklist Page component Testing WorklistTable component Should render without errors 1`] = `
<Table
  className="worklistTableContainer"
  data-test="worklistTableComponent"
>
  <div
    className="worklistTableContainer__headerContainer"
  >
    <div
      className="worklistTableContainer__headerContainer__estimatedTimeContainer"
    >
      <input
        id="worklistTableEstimatedTimeInput"
        onChange={[Function]}
        type="checkbox"
      />
      <label
        htmlFor="worklistTableEstimatedTimeInput"
      >
        Est. Time (min)
      </label>
    </div>
    <div
      className="worklistTableContainer__headerContainer__actionsContainer"
    >
      Actions
    </div>
    <div
      className="worklistTableContainer__headerContainer__targetSearchContainer"
    >
      <HiOutlineSearch />
      <input
        id="worklistTableTargetSearchInput"
        onChange={[Function]}
        placeholder="Target"
        type="text"
        value=""
      />
    </div>
    <div
      className="worklistTableContainer__headerContainer__pluginGroupSearchContainer"
    >
      <HiOutlineSearch />
      <input
        id="worklistTablePluginGroupSearchInput"
        onChange={[Function]}
        placeholder="Plugin Group"
        type="text"
        value=""
      />
    </div>
    <div
      className="worklistTableContainer__headerContainer__pluginTypeSearchContainer"
    >
      <HiOutlineSearch />
      <input
        id="worklistTablePluginTypeSearchInput"
        onChange={[Function]}
        placeholder="Plugin Type"
        type="text"
        value=""
      />
    </div>
    <div
      className="worklistTableContainer__headerContainer__pluginNameSearchContainer"
    >
      <HiOutlineSearch />
      <input
        id="worklistTablePluginNameSearchInput"
        onChange={[Function]}
        placeholder="Plugin Name"
        type="text"
        value=""
      />
    </div>
  </div>
  <div
    className="worklistTableContainer__bodyContainer"
  >
    <div
      className="worklistTableContainer__bodyContainer__rowContainer"
      key="1075"
    >
      <div
        className="worklistTableContainer__bodyContainer__rowContainer__pluginMinTimeContainer"
      >
        <span>
          0s, 111ms
        </span>
      </div>
      <div
        className="worklistTableContainer__bodyContainer__rowContainer__buttonContainer"
      >
        <button
          onClick={[Function]}
          title="Resume work"
        >
          <BsPlayFill />
        </button>
        <button
          onClick={[Function]}
          title="Delete work "
        >
          <RiDeleteBinLine />
        </button>
      </div>
      <div
        className="worklistTableContainer__bodyContainer__rowContainer__workTargetContainer"
        title="https://dcs.com"
      >
        <Link
          replace={false}
          target="_blank"
          to="/targets/undefined"
        >
          https://dcs.com
        </Link>
      </div>
      <div
        className="worklistTableContainer__bodyContainer__rowContainer__workPluginGroupContainer"
      >
        web
      </div>
      <div
        className="worklistTableContainer__bodyContainer__rowContainer__pluginTypeContainer"
      >
        active
      </div>
      <div
        className="worklistTableContainer__bodyContainer__rowContainer__pluginNameContainer"
        title="W3AF Unauthenticated"
      >
        W3AF Unauthenticated
      </div>
    </div>
    <div
      className="worklistTableContainer__bodyContainer__rowContainer"
      key="1076"
    >
      <div
        className="worklistTableContainer__bodyContainer__rowContainer__pluginMinTimeContainer"
      >
        <span>
          0s, 80ms
        </span>
      </div>
      <div
        className="worklistTableContainer__bodyContainer__rowContainer__buttonContainer"
      >
        <button
          onClick={[Function]}
          title="Pause work"
        >
          <GiPauseButton />
        </button>
        <button
          onClick={[Function]}
          title="Delete work "
        >
          <RiDeleteBinLine />
        </button>
      </div>
      <div
        className="worklistTableContainer__bodyContainer__rowContainer__workTargetContainer"
        title="https://dcs.com"
      >
        <Link
          replace={false}
          target="_blank"
          to="/targets/undefined"
        >
          https://dcs.com
        </Link>
      </div>
      <div
        className="worklistTableContainer__bodyContainer__rowContainer__workPluginGroupContainer"
      >
        network
      </div>
      <div
        className="worklistTableContainer__bodyContainer__rowContainer__pluginTypeContainer"
      >
        active
      </div>
      <div
        className="worklistTableContainer__bodyContainer__rowContainer__pluginNameContainer"
        title="Wapiti Unauthenticated"
      >
        Wapiti Unauthenticated
      </div>
    </div>
  </div>
</Table>
`;

exports[`Worklist Page component Testing dumb WorklistPage component Should render without errors 1`] = `
<div
  className="worklistComponentContainer"
  data-test="worklistComponent"
>
  <div
    className="worklistComponentContainer__headerContainer"
  >
    <div
      className="worklistComponentContainer__headerContainer__searchInputContainer"
    >
      <input
        className="search-box"
        onChange={[Function]}
        placeholder="Search"
        type="text"
        value=""
      />
    </div>
    <div
      className="worklistComponentContainer__headerContainer__buttonsContainer"
    >
      <button
        className="worklistComponentContainer__headerContainer__buttonsContainer__pauseAllButton"
        onClick={[Function]}
      >
        <GiPauseButton />
        Pause All
      </button>
      <button
        className="worklistComponentContainer__headerContainer__buttonsContainer__resumeAllButton"
        onClick={[Function]}
      >
        <BsPlayFill />
        Resume All
      </button>
      <button
        className="worklistComponentContainer__headerContainer__buttonsContainer__deleteAllButton"
        onClick={[Function]}
      >
        <RiDeleteBinLine />
        Delete All
      </button>
    </div>
  </div>
  <WorklistTable
    changeSelection={[Function]}
    deleteAllWork={[Function]}
    deleteWork={[Function]}
    globalSearch=""
    pauseAllWork={[Function]}
    pauseWork={[Function]}
    resumeAllWork={[Function]}
    resumeWork={[Function]}
    selection={false}
    updatingWorklist={[Function]}
    worklist={
      Array [
        Object {
          "active": true,
          "id": 1075,
          "plugin": Object {},
          "target": Object {},
        },
      ]
    }
  />
</div>
`;
