// Jest Snapshot v1, https://goo.gl/fbAQLP

exports[`ForgotPasswordPage component Testing dumb forgot password component Should render without errors 1`] = `
<withTheme(Pane)
  data-test="forgotPasswordPageComponent"
  marginY={100}
>
  <withTheme(Pane)
    elevation={1}
    justifyContent="center"
    margin="auto"
    padding={5}
    width="35%"
  >
    <withTheme(Heading)
      marginBottom={20}
      paddingTop={20}
      size={700}
      textAlign="center"
    >
      Forgot Password?
    </withTheme(Heading)>
    <withTheme(Paragraph)
      marginLeft="20%"
      marginRight="20%"
      size={300}
      width="60%"
    >
      Reset password in 2 quick steps.
    </withTheme(Paragraph)>
    <TextInputField
      inputHeight={32}
      inputWidth="100%"
      label="Enter your Username / Email Address"
      marginBottom={20}
      marginLeft="20%"
      marginTop={10}
      name="text-input-email-or-username"
      onChange={[Function]}
      placeholder="Username / Email"
      validationMessage={null}
      value=""
      width="60%"
    />
    <withTheme(Button)
      appearance="primary"
      disabled={false}
      intent="none"
      justifyContent="center"
      marginBottom={10}
      marginLeft="30%"
      onClick={[Function]}
      width="40%"
    >
      Reset Password
    </withTheme(Button)>
    <withTheme(Paragraph)
      marginLeft="45%"
      size={300}
      width="10%"
    >
      <withTheme(Link)
        href="/login"
        justifyContent="center"
      >
        Back
      </withTheme(Link)>
    </withTheme(Paragraph)>
  </withTheme(Pane)>
</withTheme(Pane)>
`;
